tailwind.config.ts(4,3): error TS2322: Type '["class"]' is not assignable to type 'DarkModeStrategy | undefined'.
  Type '["class"]' is not assignable to type '["class", string]'.
    Source has 1 element(s) but target requires 2.
